// Jest Snapshot v1, https://goo.gl/fbAQLP

exports[`header content should render 1`] = `
<header
  className="MuiPaper-root MuiAppBar-root MuiAppBar-positionFixed MuiAppBar-colorPrimary makeStyles-appBar-1 makeStyles-appBarShift-2 mui-fixed MuiPaper-elevation4"
>
  <div
    className="MuiToolbar-root MuiToolbar-regular MuiToolbar-gutters"
  >
    <button
      aria-label="open drawer"
      className="MuiButtonBase-root MuiIconButton-root makeStyles-menuButton-5 makeStyles-hide-4 MuiIconButton-colorInherit MuiIconButton-edgeStart"
      disabled={false}
      onBlur={[Function]}
      onClick={[MockFunction]}
      onDragLeave={[Function]}
      onFocus={[Function]}
      onKeyDown={[Function]}
      onKeyUp={[Function]}
      onMouseDown={[Function]}
      onMouseLeave={[Function]}
      onMouseUp={[Function]}
      onTouchEnd={[Function]}
      onTouchMove={[Function]}
      onTouchStart={[Function]}
      tabIndex={0}
      type="button"
    >
      <span
        className="MuiIconButton-label"
      >
        <svg
          aria-hidden={true}
          className="MuiSvgIcon-root"
          focusable="false"
          viewBox="0 0 24 24"
        >
          <path
            d="M3 18h18v-2H3v2zm0-5h18v-2H3v2zm0-7v2h18V6H3z"
          />
        </svg>
      </span>
    </button>
    <h6
      className="MuiTypography-root makeStyles-title-6 MuiTypography-h6 MuiTypography-noWrap"
    >
      test
    </h6>
    <div
      className="MuiBox-root MuiBox-root-8"
    >
      <button
        className="MuiButtonBase-root MuiButton-root MuiButton-text MuiButton-colorInherit"
        disabled={false}
        onBlur={[Function]}
        onDragLeave={[Function]}
        onFocus={[Function]}
        onKeyDown={[Function]}
        onKeyUp={[Function]}
        onMouseDown={[Function]}
        onMouseLeave={[Function]}
        onMouseUp={[Function]}
        onTouchEnd={[Function]}
        onTouchMove={[Function]}
        onTouchStart={[Function]}
        tabIndex={0}
        type="button"
      >
        <span
          className="MuiButton-label"
        >
          <a
            className="makeStyles-navLink-7"
            href="/login"
            onClick={[Function]}
          >
            Войти
          </a>
        </span>
      </button>
      /
      <button
        className="MuiButtonBase-root MuiButton-root MuiButton-text MuiButton-colorInherit"
        disabled={false}
        onBlur={[Function]}
        onDragLeave={[Function]}
        onFocus={[Function]}
        onKeyDown={[Function]}
        onKeyUp={[Function]}
        onMouseDown={[Function]}
        onMouseLeave={[Function]}
        onMouseUp={[Function]}
        onTouchEnd={[Function]}
        onTouchMove={[Function]}
        onTouchStart={[Function]}
        tabIndex={0}
        type="button"
      >
        <span
          className="MuiButton-label"
        >
          <a
            className="makeStyles-navLink-7"
            href="/registration"
            onClick={[Function]}
          >
            Регистрация
          </a>
        </span>
      </button>
    </div>
  </div>
</header>
`;
